Parsed test spec with 2 sessions

starting permutation: donothing1 donothing2 c1 select2 c2
step donothing1: INSERT INTO ints(key, val) VALUES(1, 'donothing1') ON CONFLICT DO NOTHING;
step donothing2: INSERT INTO ints(key, val) VALUES(1, 'donothing2') ON CONFLICT DO NOTHING; <waiting ...>
step c1: COMMIT;
step donothing2: <... completed>
step select2: SELECT * FROM ints;
key|val       
---+----------
  1|donothing1
(1 row)

step c2: COMMIT;

starting permutation: donothing1 donothing2 a1 select2 c2
step donothing1: INSERT INTO ints(key, val) VALUES(1, 'donothing1') ON CONFLICT DO NOTHING;
step donothing2: INSERT INTO ints(key, val) VALUES(1, 'donothing2') ON CONFLICT DO NOTHING; <waiting ...>
step a1: ABORT;
step donothing2: <... completed>
step select2: SELECT * FROM ints;
key|val       
---+----------
  1|donothing2
(1 row)

step c2: COMMIT;

starting permutation: doreturn1 doreturn2 c1 select2 c2
step doreturn1: INSERT INTO ints(key, val) VALUES(1, 'doreturn1') ON CONFLICT (key) DO RETURN RETURNING *;
key|val      
---+---------
  1|doreturn1
(1 row)

step doreturn2: INSERT INTO ints(key, val) VALUES(1, 'doreturn2') ON CONFLICT (key) DO RETURN RETURNING *; <waiting ...>
step c1: COMMIT;
step doreturn2: <... completed>
key|val      
---+---------
  1|doreturn1
(1 row)

step select2: SELECT * FROM ints;
key|val      
---+---------
  1|doreturn1
(1 row)

step c2: COMMIT;

starting permutation: doreturn1 doreturn2 a1 select2 c2
step doreturn1: INSERT INTO ints(key, val) VALUES(1, 'doreturn1') ON CONFLICT (key) DO RETURN RETURNING *;
key|val      
---+---------
  1|doreturn1
(1 row)

step doreturn2: INSERT INTO ints(key, val) VALUES(1, 'doreturn2') ON CONFLICT (key) DO RETURN RETURNING *; <waiting ...>
step a1: ABORT;
step doreturn2: <... completed>
key|val      
---+---------
  1|doreturn2
(1 row)

step select2: SELECT * FROM ints;
key|val      
---+---------
  1|doreturn2
(1 row)

step c2: COMMIT;
